// Jest Snapshot v1, https://goo.gl/fbAQLP

exports[`WizardHeader should match snapshot (auto-generated) 1`] = `
<DocumentFragment>
  <div
    class="pf-c-wizard__header"
  >
    <div
      class="pf-c-wizard__title"
    >
      <h2
        class="pf-c-wizard__title-text"
        id="string"
      >
        string
      </h2>
    </div>
    <p
      class="pf-c-wizard__description"
      id="string"
    />
    <div>
      ReactNode
    </div>
    <p />
  </div>
</DocumentFragment>
`;
