// Jest Snapshot v1, https://goo.gl/fbAQLP

exports[`Verify Skip To Content 1`] = `
<DocumentFragment>
  <div
    class="pf-c-skip-to-content"
  >
    <a
      class="pf-c-button pf-m-primary"
      href="#main-content"
    />
  </div>
</DocumentFragment>
`;

exports[`Verify Skip To Content if forced to display 1`] = `
<DocumentFragment>
  <div
    class="pf-c-skip-to-content"
  >
    <a
      class="pf-c-button pf-m-primary"
      href="#main-content"
    />
  </div>
</DocumentFragment>
`;
